../Core/Src/main.c:76:5:main	24	static
../Core/Src/main.c:130:6:SystemClock_Config	88	static
../Core/Src/main.c:180:6:PeriphCommonClock_Config	104	static
../Core/Src/main.c:205:13:MX_I2S2_Init	8	static
../Core/Src/main.c:239:13:MX_I2S3_Init	8	static
../Core/Src/main.c:271:13:MX_DMA_Init	16	static
../Core/Src/main.c:292:13:MX_GPIO_Init	24	static
../Core/Src/main.c:308:6:HAL_I2S_TxHalfCpltCallback	24	static
../Core/Src/main.c:332:6:HAL_I2S_TxCpltCallback	24	static
../Core/Src/main.c:365:6:Error_Handler	4	static,ignoring_inline_asm
